[dotenv@17.3.1] injecting env (12) from .env -- tip: ΓÜÖ∩╕Å  write to custom object with { processEnv: myObject }
node.exe : Error: Project(s) "chromium" not found. Available 
projects: "setup-auth", "default", "e2e-flows"
At line:1 char:1
+ & "C:\Program Files\nodejs/node.exe" "C:\Program 
Files\nodejs/node_mo ...
+ ~~~~~~~~~~~~~~~~~~~~~~~~~~~~~~~~~~~~~~~~~~~~~~~~~~~~~~~~~~~~~~
~~~~~~~
    + CategoryInfo          : NotSpecified: (Error: Project(... 
   t", "e2e-flows":String) [], RemoteException
    + FullyQualifiedErrorId : NativeCommandError
 
    at filterProjects (D:\GIT\playwright-enterprise-framework-ma
in\node_modules\playwright\lib\runner\projectUtils.js:80:11)
    at runTests (D:\GIT\playwright-enterprise-framework-main\nod
e_modules\playwright\lib\program.js:208:42)
    at i.<anonymous> (D:\GIT\playwright-enterprise-framework-mai
n\node_modules\playwright\lib\program.js:70:7)
